_brandstr
_cpuflags
_cpusignature
_cputype
_edata
_end
_etext
_last_data_addr
_tlbinfo_eax
_tlbinfo_ebx
_tlbinfo_ecx
_tlbinfo_edx
_vendorid
brand_str
cpuid
ext_accept
ext_bind
ext_close
ext_connect
ext_init
ext_ioctl
ext_listen
ext_open
ext_read
ext_recvfrom
ext_sendto
ext_write
get_cpu_vendor_id
get_rdtsc
getfpu
inport_b
inport_l
inport_sl
inport_sw
inport_w
kparms
kstat
outport_b
outport_l
outport_sl
outport_sw
outport_w
signature_flags
stop_kernel
sys_utsname
tlbinfo
